000001c3 A num_got_entries
80100200 T _start
80100204 t reset
80100294 T relocate_code
8010034c t in_ram
801003b0 T sbrk
80100400 T hang
80100430 t display_banner
80100470 t init_func_ram
8010055c t init_baudrate
801005e4 T board_init_r
8010089c T board_init_f
801009f0 t startAgainTimeout
80100a0c t startAgainHandler
80100a14 T NetSetHandler
80100a2c T NetCksum
80100a70 T NetCksumOk
80100ab0 T copy_filename
80100b20 T string_to_VLAN
80100b98 T getenv_VLAN
80100bdc T string_to_ip
80100cb0 T getenv_IPaddr
80100cec T ip_to_string
80100d70 T print_IPaddr
80100dc0 T NetSetIP
80100f3c T NetSetEther
80101080 T NetSendPacket
80101098 T ArpRequest
80101224 T PingSend
80101410 T NetSetTimeout
80101484 T NetSendUDPPacket
80101684 t PingTimeout
801016c4 T NetStartAgain
80101864 T ArpTimeoutCheck
80101938 T NetLoop
8010202c T VLAN_to_string
801020a4 T NetEthHdrSize
801020f8 t PingHandler
80102158 T NetReceive
801027f0 t TftpSend
80102a04 T TftpStart
80102cf4 t TftpTimeout
80102d8c t TftpHandler
80103160 t truncate_sz
801031c4 t DhcpOptionsProcess
80103420 t DhcpExtended
80103584 T BootpRequest
80103858 T DhcpRequest
80103870 t BootpCopyNetParams
80103984 t BootpTimeout
80103a08 t DhcpHandler
80103f00 T RarpRequest
80104048 t RarpHandler
801040e8 t RarpTimeout
80104170 T eth_get_dev
80104188 T eth_get_dev_index
801041e0 T eth_halt
80104238 T eth_send
80104274 T eth_rx
801042a8 T eth_get_name
801042d8 T eth_set_current
801043a4 T eth_try_another
80104490 T eth_init
80104554 T eth_set_enetaddr
80104668 T eth_get_dev_by_name
801046d8 T eth_register
801047d0 T eth_initialize
80104bb0 t NfsTimeout
80104bf4 t basename
80104c94 t dirname
80104cdc t rpc_lookup_reply
80104e00 t rpc_add_credentials
80104f58 t rpc_req
801050f8 t rpc_lookup_req
801051b8 t NfsSend
801055e4 t NfsHandler
80105d54 T NfsStart
801060b0 T post_init_f
80106148 T post_reloc
80106244 T post_log
801062b4 t post_run_single
8010636c t post_info_single
801063e4 T post_info
80106540 T post_run
801066a0 t move64
801066b4 T map_mem_tlb
801067e4 T mmu_dump_tlb
801068bc t memory_post_test1
80106a64 t memory_post_addrline
80106b64 t memory_post_tests
80106eec t memory_post_test5
80107144 T memory_post_test
801079c0 T run_command
80107f88 T do_run
801080cc t delete_char
8010823c T readline
80108570 T main_loop
801087a0 T autoscript
80108ad0 T do_autoscript
80108b50 t print_num
80108b78 T do_bdinfo
80108d30 T do_go
80108e30 T gunzip
80109044 t zfree
8010905c t zalloc
80109080 T print_image_hdr
8010952c t image_info
80109764 T do_iminfo
8010983c T do_bootd
80109898 t do_imls
80109ac0 T do_bootm
8010a390 T do_coninfo
8010a510 T do_diag
8010a6d0 t flash_fill_sect_ranges
8010a8cc T flash_sect_protect
8010a9fc t addr_spec
8010abc4 t abbrev_spec
8010ad94 T flash_sect_erase
8010ae7c T do_flinfo
8010af3c T do_flerase
8010b1c8 T do_protect
8010b630 t evalstr
8010b66c t evalexp
8010b710 T binary_test
8010b9a0 T do_itest
8010bac0 T ktrans
8010bafc T chk1
8010bb3c t bin_data_init
8010bb6c t bin_data_char
8010bbb8 T k_data_init
8010bbd8 T k_data_save
8010bc28 T k_data_restore
8010bc78 T k_data_char
8010bd20 T send_pad
8010bd88 T s1_sendpacket
8010bde4 T handle_send_packet
8010c0d4 T send_nack
8010c160 T send_ack
8010c1ec t getcxmodem
8010c238 T do_load_serial_bin
8010caf0 T do_load_serial
8010d070 T do_mem_base
8010d104 T do_mem_crc
8010d25c T do_mem_mtest
8010d478 T cmd_get_data_size
8010d534 t mod_mem
8010d7e4 T do_mem_nm
8010d82c T do_mem_mm
8010d874 T do_mem_loop
8010da24 T do_mem_cp
8010dc40 T do_mem_cmp
8010dea8 T do_mem_mw
8010e024 T do_mem_md
8010e370 T do_sleep
8010e480 t mmc_cmd
8010e5dc T msc_read
8010ed64 T msc_write
8010ef94 T do_msc
8010f2a0 T nand_write_yaffs
8010f81c T do_nandboot
8010fc48 t arg_off_size
8010fe30 T do_nand
80111160 T do_ping
80111248 t netboot_common
801116ac T do_nfs
801116cc T do_dhcp
801116ec T do_rarpb
8011170c T do_tftpb
8011172c T do_bootp
80111750 t envmatch
80111850 T getenv_r
80111968 T do_saveenv
801119bc T getenv
80111a94 T _do_setenv
80112274 T do_askenv
801124d4 T do_setenv
80112548 T setenv
8011259c T do_printenv
801128b0 t mem_dump
80112a8c T do_nand_test
801130d0 T find_cmd
801131e8 T do_echo
80113324 T do_help
801135fc T do_version
80113640 t console_setfile
80113718 T fgetc
80113750 T ftstc
80113788 T fputc
801137cc T fputs
8011380c T disable_ctrlc
80113828 T had_ctrlc
80113840 T clear_ctrlc
80113858 T dbg
80113868 T console_init_f
80113878 T console_assign
801139a8 T fprintf
80113a1c T puts
80113a58 T vprintf
80113ab0 T printf
80113b1c T console_init_r
80113d68 T serial_printf
80113dd4 T putc
80113e18 T tstc
80113e54 T getc
80113e90 T ctrlc
80113f20 T devices_done
80113f5c T device_register
80113fa0 T devices_init
801140d0 T malloc_bin_reloc
80114114 T malloc_usable_size
8011416c T mallopt
801141fc T malloc_trim
80114324 T free
801145d8 T cfree
801145f0 T malloc
80114dc8 T memalign
80114f7c T pvalloc
80114fa0 T valloc
80114fbc T calloc
801150e8 T realloc
80115740 T env_get_char_memory
80115774 T env_get_addr
801157a4 t env_get_char_init
801157f8 T env_crc_update
80115848 T env_relocate
80115940 T env_get_char_spec
80115950 T env_init
80115978 T env_relocate_spec
80115aec T saveenv
80115b20 t dummy
80115b28 T get_version
80115b30 T jumptable_init
80115c00 T flash_protect
80115ce4 T addr2info
80115d40 T flash_perror
80115e54 T flash_write
80116030 T lcd_setmem
8011607c T show_boot_progress
80116138 T bitmap_plot
801162bc t lcd_clear
80116424 T drv_lcd_init
80116588 T lcd_putc
801165a4 T lcd_puts
80116610 T GetHandleSize
80116618 T ListSetAllocationPolicy
80116628 T ListGetPtrToItem
80116674 T ListGetDataPtr
80116680 T ListGetItemSize
8011668c T ListNumItems
80116698 T ListGetItems
8011670c T SetHandleSize
801167ec T ListInsertItems
80116a98 T ListInsertItem
80116ab0 T DisposeHandle
80116b0c T ListDispose
80116b24 T NewHandle
80116be4 T ListCreate
80116c60 t hex1_bin
80116cb8 t hex2_bin
80116d44 T srec_decode
80117040 T parse_num
801171b8 T xyzModem_error
8011725c T xyzModem_stream_close
801172d4 T CYGACC_COMM_IF_PUTC
801172f0 T CYGACC_COMM_IF_GETC_TIMEOUT
801173a4 t xyzModem_flush
801173f0 T xyzModem_stream_terminate
80117568 t xyzModem_get_hdr
801178fc T xyzModem_stream_read
80117cc0 T xyzModem_stream_open
80117f30 T cyg_crc16
80117fa0 T crc32
80118118 T crc32_no_comp
80118290 T print_size
80118384 T display_options
801183d0 T strcat
8011840c T strncat
80118460 T strchr
801184a0 T strlen
801184d0 T strrchr
80118550 T strnlen
80118594 T strspn
801185fc T strpbrk
8011865c T strtok
80118740 T strsep
801187a8 T strswab
801187f8 T memset
80118828 T memcpy
80118854 T memmove
801188b4 T memcmp
80118914 T strstr
801189dc T memchr
80118a0c T strdup
80118aa0 T simple_strtoul
80118bac T simple_strtol
80118bfc t skip_atoi
80118c50 t number
80118ed0 T panic
80118f58 T vsprintf
8011945c T sprintf
801194a0 t falloc
801194d0 t ffree
801194d8 t inflate_trees_free
80119534 t huft_build
80119c1c t inflate_codes_new
80119c98 t inflate_codes_free
80119cb0 t inflate_blocks_reset
80119de8 T inflateEnd
80119eb4 T inflateReset
80119f34 T inflateSync
8011a074 T inflateInit2
8011a214 T inflateInit
8011a22c T adler32
8011a3bc t inflate_flush
8011a5b4 T inflateIncomp
8011a74c T inflate
8011c8c0 T board_early_init
8011c924 T checkboard
8011caa0 T write_buff
8011cc08 T flash_print_info
8011ce2c T flash_erase
8011d0a0 T flash_init
8011d1e0 T serial_setbrg
8011d258 T serial_init
8011d2d0 T serial_putc
8011d348 T serial_puts
8011d39c T serial_tstc
8011d3b0 T serial_getc
8011d3f8 T serial_put_hex
8011d488 T serial_put_dec
8011d560 T flush_cache
8011d608 T write_one_tlb
8011d640 T flush_icache_all
8011d67c T flush_dcache_all
8011d6a0 T flush_cache_all
8011d6d8 T do_reset
8011d730 T enable_interrupts
8011d738 T disable_interrupts
8011d740 T jzmemset
8011d7a4 T apll_init
8011d824 T mpll_init
8011d8d8 T core_voltage_regulate
8011d8e0 T pll_init
8011d918 T gpio_debug
8011d984 T timer_init
8011d9fc T set_timer
8011da14 T reset_timer_masked
8011da44 T reset_timer
8011da5c T get_timer_masked
8011dac8 T get_timer
8011db08 T udelay
8011dbfc T udelay_masked
8011dcb8 T get_ticks
8011dcf0 T get_tbclk
8011dcfc T jz_board_init
8011dfd0 t jz_hwcontrol_common
8011e0a0 T board_nand_select_device
8011e0a8 t jzsoc_nand_enable_bch_hwecc
8011e19c t jzsoc_nand_calculate_bch_ecc
8011e244 T board_nand_init
8011e3e4 t jzsoc_nand_bch_correct_data
8011e550 t jz_device_ready
8011e5a0 T jz_enet_initialize
8011e87c t jzmac_dump_pkt_data
8011e9cc t jz_halt
8011ea14 t jz_send
8011ec4c t jz_recv
8011efa0 t jz_init
8011f520 T synopGMAC_wd_enable
8011f540 T synopGMAC_jab_enable
8011f55c T synopGMAC_jab_disable
8011f57c T synopGMAC_frame_burst_enable
8011f598 T synopGMAC_jumbo_frame_enable
8011f5b4 T synopGMAC_jumbo_frame_disable
8011f5d4 T synopGMAC_select_gmii
8011f5f4 T synopGMAC_select_mii
8011f60c T synopGMAC_rx_own_enable
8011f628 T synopGMAC_loopback_off
8011f644 T synopGMAC_set_full_duplex
8011f65c T synopGMAC_set_half_duplex
8011f678 T synopGMAC_retry_enable
8011f694 T synopGMAC_pad_crc_strip_disable
8011f6b0 T synopGMAC_back_off_limit
8011f6d0 T synopGMAC_deferral_check_disable
8011f6ec T synopGMAC_rx_enable
8011f704 T synopGMAC_tx_enable
8011f71c T synopGMAC_frame_filter_enable
8011f73c T synopGMAC_src_addr_filter_disable
8011f758 T synopGMAC_dst_addr_filter_normal
8011f76c T synopGMAC_set_pass_control
8011f78c T synopGMAC_broadcast_enable
8011f7a8 T synopGMAC_multicast_disable
8011f7c4 T synopGMAC_multicast_hash_filter_disable
8011f7e0 T synopGMAC_promisc_disable
8011f7fc T synopGMAC_unicast_hash_filter_disable
8011f818 T synopGMAC_unicast_pause_frame_detect_disable
8011f834 T synopGMAC_rx_flow_control_disable
8011f850 T synopGMAC_tx_flow_control_disable
8011f86c T synopGMAC_check_phy_init
8011f888 T synopGMAC_set_mac_addr
8011f8e4 T synopGMAC_rx_desc_init_ring
8011f908 T synopGMAC_tx_desc_init_ring
8011f92c T synopGMAC_rx_desc_init_chain
8011f944 T synopGMAC_tx_desc_init_chain
8011f95c T synopGMAC_init_rx_desc_base
8011f970 T synopGMAC_set_owner_dma
8011f984 T synopGMAC_set_desc_sof
8011f998 T synopGMAC_set_desc_eof
8011f9ac T synopGMAC_is_sof_in_rx_desc
8011f9bc T synopGMAC_is_eof_in_rx_desc
8011f9cc T synopGMAC_is_da_filter_failed
8011f9dc T synopGMAC_is_sa_filter_failed
8011f9ec T synopGMAC_is_desc_owned_by_dma
8011f9f8 T synopGMAC_get_rx_desc_frame_length
8011fa04 T synopGMAC_is_desc_valid
8011fa14 T synopGMAC_is_desc_empty
8011fa2c T synopGMAC_is_rx_desc_valid
8011fa3c T synopGMAC_is_tx_aborted
8011fa48 T synopGMAC_is_tx_carrier_error
8011fa54 T synopGMAC_get_tx_collision_count
8011fa60 T synopGMAC_is_exc_tx_collisions
8011fa6c T synopGMAC_is_rx_frame_damaged
8011fa78 T synopGMAC_is_rx_frame_collision
8011fa84 T synopGMAC_is_rx_crc
8011fa90 T synopGMAC_is_frame_dribbling_errors
8011fa9c T synopGMAC_is_rx_frame_length_errors
8011faa8 T synopGMAC_is_last_rx_desc
8011fad4 T synopGMAC_is_last_tx_desc
8011fb00 T synopGMAC_is_rx_desc_chained
8011fb10 T synopGMAC_is_tx_desc_chained
8011fb20 T synopGMAC_get_desc_data
8011fba8 T synopGMAC_take_desc_ownership
8011fbc8 T synopGMAC_take_desc_ownership_rx
8011fc90 T synopGMAC_take_desc_ownership_tx
8011fd58 T synopGMAC_is_ext_status
8011fd60 T synopGMAC_ES_is_IP_header_error
8011fd6c T synopGMAC_ES_is_rx_checksum_bypassed
8011fd78 T synopGMAC_ES_is_IP_payload_error
8011fd84 T synopGMAC_is_rx_checksum_error
8011fde4 T synopGMAC_is_tx_ipv4header_checksum_error
8011fdf0 T synopGMAC_is_tx_payload_checksum_error
8011fdfc T synopGMAC_tx_checksum_offload_bypass
8011fe14 T synopGMAC_tx_checksum_offload_ipv4hdr
8011fe34 T synopGMAC_tx_checksum_offload_tcponly
8011fe54 T synopGMAC_tx_checksum_offload_tcp_pseudo
8011fe74 T synopGMAC_get_rx_qptr
801200f4 T synopGMAC_set_rx_qptr
80120330 T synopGMAC_set_tx_qptr
801205ec T synopGMAC_get_tx_qptr
80120864 T synopGMAC_init_tx_rx_desc_queue
80120978 T synopGMAC_write_phy_reg
80120a18 T synopGMAC_phy_loopback
80120a54 T synopGMAC_read_phy_reg
80120b78 T synopGMAC_search_phy
80120c60 T synopGMAC_attach
80120d38 T synopGMAC_wd_disable
80120d54 T synopGMAC_TS_fine_update
80120d6c T synopGMAC_TS_all_frames_enable
80120d84 T synopGMAC_TS_digital_rollover_enable
80120d9c T synopGMAC_TS_pkt_snoop_ver2
80120db4 T synopGMAC_TS_ptp_over_ethernet_enable
80120dcc T synopGMAC_TS_IPV6_enable
80120de4 T synopGMAC_TS_IPV4_enable
80120dfc T synopGMAC_TS_event_enable
80120e14 T synopGMAC_TS_master_enable
80120e2c T synopGMAC_TS_mac_addr_filt_enable
80120e48 T synopGMAC_TS_int_disable
80120e60 T synopGMAC_TS_enable
80120e78 T synopGMAC_rx_tcpip_chksum_drop_disable
80120e94 T synopGMAC_enable_rx_chksum_offload
80120eac T synopGMAC_disable_mmc_ipc_rx_interrupt
80120ec4 T synopGMAC_disable_mmc_rx_interrupt
80120edc T synopGMAC_disable_mmc_tx_interrupt
80120ef4 T synopGMAC_mmc_counters_disable_rollover
80120f0c T synopGMAC_mmc_counters_set_selfclear
80120f24 T synopGMAC_mmc_counters_stop
80120f3c T synopGMAC_pmt_unicast_enable
80120f54 T synopGMAC_wakeup_frame_enable
80120f6c T synopGMAC_magic_packet_enable
80120f84 T synopGMAC_disable_pmt_interrupt
80120f9c T synopGMAC_power_down_enable
80120fb4 T synopGMAC_pmt_int_disable
80120fcc T synopGMAC_tx_deactivate_flow_control
80120ffc T synopGMAC_tx_activate_flow_control
8012104c T synopGMAC_tx_flow_control_enable
80121064 T synopGMAC_rx_flow_control_enable
8012107c T synopGMAC_unicast_pause_frame_detect_enable
80121094 T synopGMAC_unicast_hash_filter_enable
801210ac T synopGMAC_promisc_enable
801210c4 T synopGMAC_multicast_hash_filter_enable
801210dc T synopGMAC_multicast_enable
801210f4 T synopGMAC_broadcast_disable
8012110c T synopGMAC_dst_addr_filter_inverse
80121120 T synopGMAC_src_addr_filter_enable
80121138 T synopGMAC_Hash_filter_only_enable
80121150 T synopGMAC_hash_perfect_filter_enable
80121168 T synopGMAC_frame_filter_disable
80121184 T synopGMAC_deferral_check_enable
8012119c T synopGMAC_pad_crc_strip_enable
801211b4 T synopGMAC_retry_disable
801211cc T synopGMAC_loopback_on
801211e4 T synopGMAC_rx_own_disable
801211fc T synopGMAC_disable_crs
80121218 T synopGMAC_set_mdc_clk_div
8012123c T synopGMAC_write_hash_table_low
8012124c T synopGMAC_write_hash_table_high
8012125c T synopGMAC_dma_control_init
8012126c T synopGMAC_TS_read_target_timestamp
80121288 T synopGMAC_TS_read_timestamp_higher_val
80121298 T synopGMAC_TS_read_timestamp
801212bc T synopGMAC_read_mmc_tx_int_status
801212cc T synopGMAC_read_mmc_rx_int_status
801212dc T synopGMAC_read_mmc_counter
801212f0 T synopGMAC_is_wakeup_frame_received
80121304 T synopGMAC_is_magic_packet_received
80121318 T synopGMAC_get_interrupt_mask
80121328 T synopGMAC_get_mac_addr
80121370 T synopGMAC_mac_init
801217dc T synopGMAC_pause_control
80121814 T synopGMAC_dma_bus_mode_init
80121874 T synopGMAC_read_version
801218d8 T synopGMAC_get_mdc_clk_div
801218e8 T synopGMAC_TS_load_target_timestamp
80121900 T synopGMAC_TS_load_timestamp_higher_val
80121914 T synopGMAC_TS_subsecond_init
80121928 T synopGMAC_TS_set_clk_type
80121940 T synopGMAC_write_wakeup_frame_register
80121984 T synopGMAC_disable_dma_rx
801219a0 T synopGMAC_disable_dma_tx
801219bc T synopGMAC_resume_dma_rx
801219cc T synopGMAC_resume_dma_tx
801219dc T synopGMAC_enable_dma_tx
801219f4 T synopGMAC_enable_dma_rx
80121a0c T synopGMAC_disable_interrupt_all
80121a1c T synopGMAC_enable_interrupt
80121a2c T synopGMAC_get_interrupt_type
80121ae4 T synopGMAC_clear_interrupt
80121af8 T synopGMAC_init_tx_desc_base
80121b0c T synopGMAC_TS_coarse_update
80121b28 T synopGMAC_TS_mac_addr_filt_disable
80121b48 T synopGMAC_TS_int_enable
80121b64 T synopGMAC_TS_disable
80121b80 T synopGMAC_rx_tcpip_chksum_drop_enable
80121ba0 T synopGMAC_disable_rx_Ipchecksum_offload
80121bbc T synopGMAC_enable_mmc_ipc_rx_interrupt
80121bd8 T synopGMAC_enable_mmc_rx_interrupt
80121bf4 T synopGMAC_enable_mmc_tx_interrupt
80121c10 T synopGMAC_mmc_counters_enable_rollover
80121c2c T synopGMAC_mmc_counters_reset_selfclear
80121c48 T synopGMAC_mmc_counters_resume
80121c64 T synopGMAC_enable_pmt_interrupt
80121c80 T synopGMAC_power_down_disable
80121c9c T synopGMAC_pmt_int_enable
80121cb8 T synopGMAC_disable_interrupt
80121cd4 T synopGMAC_tx_disable
80121cf0 T synopGMAC_TS_all_frames_disable
80121d0c T synopGMAC_TS_binary_rollover_enable
80121d28 T synopGMAC_TS_pkt_snoop_ver1
80121d44 T synopGMAC_TS_ptp_over_ethernet_disable
80121d60 T synopGMAC_TS_IPV6_disable
80121d7c T synopGMAC_TS_IPV4_disable
80121d98 T synopGMAC_TS_event_disable
80121db4 T synopGMAC_TS_master_disable
80121dd4 T synopGMAC_rx_disable
80121df0 T synopGMAC_frame_burst_disable
80121e10 T synopGMAC_reset
80121ee8 T synopGMAC_TS_timestamp_init
80121f84 T synopGMAC_TS_timestamp_update
80122020 T synopGMAC_TS_addend_update
801220c0 T initdram
80122124 T remap_swap
801221f8 T sdram_init
80122d60 T gpio_init
80122dd0 T lcd_enable
80122dfc T lcd_disable
80122e18 T lcd_display_on
80122e20 T lcd_display_off
80122e28 T display_panel_init
801277e4 T lcd_ctrl_init
80128120 T ddr_cfg_init
8012813c T ddr_phy_init
801288b0 t linux_env_set
801289d4 T do_bootm_linux
801290b0 T nand_init
801291b0 t nand_block_bad_scrub
801291b8 T nand_lock
80129258 T nand_unlock
801293ec T nand_get_lock_status
801294c8 T nand_read_opts
80129a74 T nand_write_opts
8012a1e8 T nand_erase_opts
8012a6a0 t nand_release_device
8012a6b0 t nand_read_byte
8012a6c4 t nand_write_byte
8012a6dc t nand_read_byte16
8012a6f0 t nand_write_byte16
8012a708 t nand_read_word
8012a71c t nand_write_word
8012a734 t nand_write_buf
8012a764 t nand_read_buf
8012a790 t nand_verify_buf
8012a7e8 t nand_write_buf16
8012a818 t nand_read_buf16
8012a848 t nand_verify_buf16
8012a8a4 t nand_check_wp
8012a908 t nand_get_device
8012a910 t nand_block_bad
8012aaac t nand_write_oob
8012ad34 t single_erase_cmd
8012ad90 t multi_erase_cmd
8012ae40 t nand_sync
8012ae5c T nand_release
8012aef0 t nand_prepare_oobbuf
8012b048 T nand_read_raw
8012b2a4 t nand_read_oob
8012b548 t nand_read_ecc
8012c2a0 t nand_read
8012c2f4 t nand_command_lp
8012c5ec t nand_command
8012c890 t nand_block_checkbad
8012c8c4 t nand_block_isbad
8012c930 t nand_block_markbad
8012c9d4 t nand_write_ecc
8012d218 t nand_write
8012d26c T nand_erase_nand
8012d534 t nand_erase
8012d54c t nand_default_block_markbad
8012d644 t nand_select_chip
8012d6c8 t nand_wait
8012d8b0 T nand_scan
8012e660 T get_flash_num
8012e670 T nand_calculate_ecc
8012e7b0 T nand_correct_data
8012e990 t check_pattern
8012ea80 T nand_isbad_bbt
8012eaf4 t read_bbt
8012ee30 t read_abs_bbt
8012efd4 t write_bbt
8012f77c T nand_update_bbt
8012f994 t mark_bbt_region
8012fbb4 t search_bbt
8012fe98 t create_bbt
80130130 T nand_scan_bbt
80130774 T nand_default_bbt
80130890 T __udivdi3
80130ee0 R version_string
801310c0 R otherpattern
801310c8 r pattern
80131220 r yaffs1_oobinfo
80132268 r yaffs2_oobinfo
801332b0 r yaffs2_2_oobinfo
80134300 r baudrate_table
80134320 r __FUNCTION__.2584
80134330 R mylogobg
8017f380 r crc16_tab
8017f580 r crc_table
8017fb94 r border
8017fbe0 r inflate_mask
8017fc50 r C.42.3905
8017fc58 r __func__.3809
8017fc70 r default_nand_name
8017fc80 r __FUNCTION__.2925
8017fc90 r __FUNCTION__.2821
8017fcdc r __func__.4092
8017fcf0 r C.72.3051
8017fcf4 r __FUNCTION__.2895
8017fd10 r nand_ecc_precalc_table
8017fe10 R __clz_tab
80186740 D NetBcastAddr
80186746 D NetOurVLAN
80186748 D NetOurNativeVLAN
80186750 d nfs_offset
80186760 D post_list_size
80186770 d erase_seq
80186774 d tab_seq
80186780 D load_addr
80186790 d do_echo
801867a0 D dp_last_length
801867b0 d trim_threshold
801867b4 d mmap_threshold
801867b8 d sbrk_base
801867c0 D default_environment
801868ec D default_environment_size
801868f0 D bmp_logo_palette
8018696c D bmp_logo_bitmap
8018a56c D progress_x
8018a570 D progress_y
8018a580 d cplens
8018a5fc d cplext
8018a678 d cpdist
8018a6f0 d cpdext
8018a768 d fixed_left
8018a770 D _ctype
8018a870 D jzfb
8018a8f4 D panel_info
8018a920 D nand_curr_device
8018a930 d autoplace_oobinfo
8018b978 d jffs2_oobinfo
8018c9c0 d yaffs_oobinfo
8018da10 d nand_oob_8
8018ea58 d nand_oob_16
8018faa0 d nand_oob_64
80190ae8 d nand_oob_128
80191b30 d nand_oob_218
80192b78 d nand_oob_436
80193bc0 d nand_oob_640
80194c08 d nand_oob_1024
80195c50 d nand_oob_1280
80196c98 d ffchars
80196ce0 d bbt_pattern
80196ce4 d mirror_pattern
80196ce8 d scan_agand_pattern
80196cf0 d scan_ff_pattern
80196d00 D init_sequence
80196d28 D post_list
80196d48 d failed
80196d60 D op_table
80196dc8 D stdio_names
80196dd4 d av_
801971dc D env_get_char
801971e0 D env_name_spec
801971e4 D zlib_version
801971e8 D z_errmsg
80197208 d dma0
80197298 d mac
80197368 D nand_flash_ids
801978e8 D nand_manuf_ids
80197938 d bbt_main_descr
8019795c d bbt_mirror_descr
80197980 d agand_flashbased
801979a4 d largepage_flashbased
801979c8 d smallpage_flashbased
801979ec d largepage_memorybased
80197a10 d smallpage_memorybased
80197a60 A __got_start
80197a60 A _gp
80197a60 D _GLOBAL_OFFSET_TABLE_
8019816c A __got_end
80198170 A __u_boot_cmd_start
80198170 D __u_boot_cmd_autoscr
80198188 D __u_boot_cmd_bdinfo
801981a0 D __u_boot_cmd_go
801981b8 D __u_boot_cmd_reset
801981d0 D __u_boot_cmd_bootm
801981e8 D __u_boot_cmd_boot
80198200 D __u_boot_cmd_bootd
80198218 D __u_boot_cmd_iminfo
80198230 D __u_boot_cmd_imls
80198248 D __u_boot_cmd_coninfo
80198260 D __u_boot_cmd_diag
80198278 D __u_boot_cmd_flinfo
80198290 D __u_boot_cmd_erase
801982a8 D __u_boot_cmd_protect
801982c0 D __u_boot_cmd_itest
801982d8 D __u_boot_cmd_loads
801982f0 D __u_boot_cmd_loadb
80198308 D __u_boot_cmd_loady
80198320 D __u_boot_cmd_md
80198338 D __u_boot_cmd_mm
80198350 D __u_boot_cmd_nm
80198368 D __u_boot_cmd_mw
80198380 D __u_boot_cmd_cp
80198398 D __u_boot_cmd_cmp
801983b0 D __u_boot_cmd_crc32
801983c8 D __u_boot_cmd_base
801983e0 D __u_boot_cmd_loop
801983f8 D __u_boot_cmd_mtest
80198410 D __u_boot_cmd_sleep
80198428 D __u_boot_cmd_msc
80198440 D __u_boot_cmd_nand
80198458 D __u_boot_cmd_nboot
80198470 D __u_boot_cmd_bootp
80198488 D __u_boot_cmd_tftpboot
801984a0 D __u_boot_cmd_rarpboot
801984b8 D __u_boot_cmd_dhcp
801984d0 D __u_boot_cmd_nfs
801984e8 D __u_boot_cmd_ping
80198500 D __u_boot_cmd_printenv
80198518 D __u_boot_cmd_setenv
80198530 D __u_boot_cmd_saveenv
80198548 D __u_boot_cmd_askenv
80198560 D __u_boot_cmd_run
80198578 D __u_boot_cmd_fnand
80198590 D __u_boot_cmd_version
801985a8 D __u_boot_cmd_echo
801985c0 D __u_boot_cmd_help
801985d8 D __u_boot_cmd_question_mark
801985f0 D __u_boot_cmd_cls
80198608 A __u_boot_cmd_end
80198608 A uboot_end_data
80198610 b mem_malloc_start
80198614 b mem_malloc_end
80198618 b mem_malloc_brk
80198620 B NetOurSubnetMask
80198624 B NetOurGatewayIP
80198628 B NetOurDNSIP
8019862c B NetOurNISDomain
8019864c B NetOurHostName
8019866c B NetOurRootPath
801986ac B NetBootFileSize
801986b0 B NetServerEther
801986b8 B NetEtherNullAddr
801986c0 B NetRestartWrap
801986c4 B NetTxPacket
801986c8 b mac.2620
801986d0 b NetRestarted
801986d4 b NetDevExists
801986d8 b packetHandler
801986dc b timeHandler
801986e0 b timeStart
801986e4 b timeDelta
801986e8 b PingSeqNo
801986f0 b TftpServerPort
801986f4 b TftpOurPort
801986f8 b TftpTimeoutCount
801986fc b TftpBlock
80198700 b TftpLastBlock
80198704 b TftpBlockWrap
80198708 b TftpBlockWrapOffset
8019870c b TftpState
80198710 b default_filename
80198720 b tftp_filename
80198730 B dhcp_state
80198734 B dhcp_leasetime
80198738 B NetDHCPServerIP
80198740 b first_failed.2577
80198744 b eth_devices
80198748 b eth_current
80198750 b rpc_id
80198754 b fs_mounted
80198758 b nfs_len
8019875c b dirfh
8019877c b filefh
8019879c b NfsDownloadState
801987a0 b NfsServerIP
801987a4 b NfsSrvMountPort
801987a8 b NfsSrvNfsPort
801987ac b NfsOurPort
801987b0 b NfsTimeoutCount
801987b4 b NfsState
801987b8 b default_filename
801987f8 b nfs_filename
801987fc b nfs_path
80198800 b nfs_path_buff
80199000 b status
80199004 b tlb_entry_num.2539
80199010 b lastcommand.2140
80199110 b a_b
80199128 b os_data_state
8019912c b os_data_state_saved
80199130 b os_data_count_saved
80199134 b os_data_addr
80199138 b os_data_addr_saved
8019913c b bin_start_address
80199140 b k_data_escape
80199144 b k_data_escape_saved
80199150 b base_address
80199160 b highcap
80199164 b resp.2528
80199178 b rca
80199180 B databuf
80199184 B tempbuf
80199188 B oobbuf
80199190 b ctrlc_was_pressed
80199194 b ctrlc_disabled
801991a0 B devlist
801991a4 B stdio_devices
801991b0 b top_pad
801991b4 b n_mmaps_max
801991b8 b current_mallinfo
801991e0 b max_sbrked_mem
801991e4 b max_total_mem
801991f0 B env_ptr
80199200 B lcd_is_enabled
80199210 b xyz
80199650 b fixed_lock
80199654 b fixed_built
80199658 b fixed_mem
8019a6e8 b fixed_bl
8019a6ec b fixed_bd
8019a6f0 b fixed_tl
8019a6f4 b fixed_td
8019a700 b quot1
8019a710 b timestamp
8019a714 b lastdec
8019a720 B debug_enable
8019a724 b _gmacdev
8019a788 b gmacdev
8019a78c b _tx_desc
8019a82c b _rx_desc
8019aaac b tx_desc
8019aab0 b rx_desc
8019aab4 b next_tx
8019aab8 b next_rx
8019aac0 b linux_argc
8019aac4 b linux_argv
8019aac8 b linux_env
8019aacc b linux_env_p
8019aad0 b linux_env_idx
8019aae0 b nand_chip
8019aba0 b none_oobinfo
8019bbf0 B NetRxPackets
8019bc30 B BootFile
8019bcb0 B NetArpWaitPacketBuf
8019c2d0 B PktBuf
801a28f0 B console_buffer
801a29f0 B header
801a2a30 B os_data_header
801a2a50 B send_parms
801a2a64 B flash_info
801a2cf0 B nand_info
801a3dc0 A uboot_end
801a3dc0 C monitor_flash_len
801a3dc4 C NetArpWaitTry
801a3dc8 C NetArpWaitPacketMAC
801a3dcc C NetOurEther
801a3dd4 C NetOurIP
801a3dd8 C NetPingIP
801a3ddc C NetServerIP
801a3de0 C NetArpWaitTxPacketSize
801a3de4 C NetArpWaitReplyIP
801a3de8 C NetArpWaitTxPacket
801a3dec C NetArpWaitPacketIP
801a3df0 C NetState
801a3df4 C NetIPID
801a3df8 C NetRxPkt
801a3dfc C NetRxPktLen
801a3e00 C NetBootFileXferSize
801a3e04 C NetArpWaitTimerStart
801a3e08 C BootpTry
801a3e0c C BootpID
801a3e10 C RarpTry
801a3e14 C his_pad_char
801a3e18 C os_data_count
801a3e1c C os_data_init
801a3e20 C send_ptr
801a3e24 C os_data_char
801a3e28 C his_eol
801a3e29 C his_quote
801a3e2c C his_pad_count
801a3e30 C dp_last_size
801a3e34 C dp_last_addr
801a3e38 C mm_last_size
801a3e3c C mm_last_addr
801a3e40 C ___strtok
801a3e44 C lcd_console_address
801a3e48 C lcd_color_fg
801a3e4c C lcd_line_length
801a3e50 C console_col
801a3e54 C lcd_base
801a3e58 C console_row
801a3e5c C lcd_color_bg
